[backblue.gif]
[fade.gif]
[index.html]
[www.carquefou-football.com/indexc0d0.php]
[www.carquefou-football.com/index7b17.php]
[www.carquefou-football.com/index.html]
[www.carquefou-football.com/devenir-partenaire.html]
[www.carquefou-football.com/contact.html]
[www.carquefou-football.com/la-boutique.html]
[www.carquefou-football.com/component/jce/indexca5e.html]
[www.carquefou-football.com/le-club/actualites/1375-ag2016retour.html]
[www.carquefou-football.com/le-club/actualites/1379-voeux2017.html]
[www.carquefou-football.com/le-club/actualites/1377-bureau20162017.html]
[www.carquefou-football.com/le-club/actualites/1371-ag2016.html]
[www.carquefou-football.com/le-club/actualites/1373-gambardellafctours.html]
[www.carquefou-football.com/le-club/actualites/1365-info-feuille-de-match.html]
[www.carquefou-football.com/le-club/actualitesdcab.feed]
[www.carquefou-football.com/le-club/actualitesb550.feed]
[www.carquefou-football.com/le-club/actualites.html]
[www.carquefou-football.com/le-club/presentationdcab.feed]
[www.carquefou-football.com/le-club/presentationb550.feed]
[www.carquefou-football.com/le-club/presentation.html]
[www.carquefou-football.com/le-club/le-mot-des-presidentsdcab.feed]
[www.carquefou-football.com/le-club/le-mot-des-presidents.html]
[www.carquefou-football.com/le-club/organigramme-sportif.html]
[www.carquefou-football.com/le-club/le-mot-des-presidentsb550.feed]
[www.carquefou-football.com/le-club/conseil-dadministrationdcab.feed]
[www.carquefou-football.com/le-club/conseil-dadministration.html]
[www.carquefou-football.com/le-club/les-arbitres.html]
[www.carquefou-football.com/le-club/reglement-interieur.html]
[www.carquefou-football.com/le-club/charte-educateur.html]
[www.carquefou-football.com/le-club/charte-joueur.html]
[www.carquefou-football.com/le-club/charte-parents.html]
[www.carquefou-football.com/le-club/inscriptions-reinscriptions.html]
[www.carquefou-football.com/division-regionale-superieure/mot-de-lentraineur.html]
[www.carquefou-football.com/post-formation/seniors-b.html]
[www.carquefou-football.com/formation/u17-u16.html]
[www.carquefou-football.com/preformation/u15-u14.html]
[www.carquefou-football.com/preformation/u12-u13.html]
[www.carquefou-football.com/animation/u10-u11.html]
[www.carquefou-football.com/animation/u7-u8-u9.html]
[www.carquefou-football.com/2014-08-19-07-30-34/loisirs.html]
[www.carquefou-football.com/2014-08-19-07-30-34/veterans-a.html]
[www.carquefou-football.com/2014-08-19-07-30-34/veterans-b.html]
[www.carquefou-football.com/arbitrage.html]
[www.carquefou-football.com/arbitrage/delegue-de-terrain.html]
[www.carquefou-football.com/arbitrage/remplir-une-feuille-de-match.html]
[www.carquefou-football.com/le-club/conseil-dadministrationb550.feed]
[www.carquefou-football.com/2015-10-20-15-03-56dcab.feed]
[www.carquefou-football.com/2015-10-20-15-03-56b550.feed]
[www.carquefou-football.com/2015-10-20-15-03-56.html]
[www.carquefou-football.com/2015-10-20-15-03-56/maladie-de-sever.html]
[www.carquefou-football.com/2015-10-20-15-03-56/osgood.html]
[www.carquefou-football.com/tournoidcab.feed]
[www.carquefou-football.com/tournoib550.feed]
[www.carquefou-football.com/tournoi.html]
[www.carquefou-football.com/convocations/seniors/download/2245/163/convocations-seniors-du-18-decembre-1.pdf_;]
[www.carquefou-football.com/convocations/seniors.html]
[www.carquefou-football.com/convocations/u18-u19.html]
[www.carquefou-football.com/convocations/u18-u19/download/2285/103/convocations---u18--du-28-janvier-2017.pdf_;]
[www.carquefou-football.com/convocations/u16-u17.html]
[www.carquefou-football.com/convocations/u16-u17/download/2286/102/convocations--u16---u17--u18--du-28-et-29-janvier-2017.pdf_;]
[www.carquefou-football.com/convocations/u14-u15/download/2282/101/convocations-a--b-du-samedi-28-janvier-2017-1.pdf_;]
[www.carquefou-football.com/convocations/u14-u15/download/2283/101/convocations-c--d-du-samedi-28-janvier-2017--1.pdf_;]
[www.carquefou-football.com/convocations/u14-u15/download/2284/101/planning--u14--u15-vacances-de-fevrier--2017.pdf_;]
[www.carquefou-football.com/convocations/u14-u15.html]
[www.carquefou-football.com/convocations/u12-u13/download/2101/98/calendrier-district-saison-2016-2017.pdf_;]
[www.carquefou-football.com/convocations/u12-u13/download/2164/98/calendrier-2-eme-phase-u13-quipe-1.pdf_;]
[www.carquefou-football.com/convocations/u12-u13/download/2268/98/equipe-2-calendrier-championnat-2eme-phase.pdf_;]
[www.carquefou-football.com/convocations/u12-u13/download/2267/98/equipe-3-calendrier-championnat-2eme-phase.pdf_;]
[www.carquefou-football.com/convocations/u12-u13/download/2269/98/equipe-5-calendrier-championnat-2eme-phase.pdf_;]
[www.carquefou-football.com/convocations/u12-u13/download/2274/98/fiche-presence-matchs-amicaux-et-tournois-saison-2016-2017-2.pdf_;]
[www.carquefou-football.com/convocations/u12-u13/download/2279/98/convocations--du-28-janvier-2017.pdf_;]
[www.carquefou-football.com/convocations/u12-u13.html]
[www.carquefou-football.com/convocations/u10-u11/download/2278/99/convocation-28-01-2017.pdf_;]
[www.carquefou-football.com/convocations/u10-u11/download/2112/99/compte-rendu-de-runion.pdf_;]
[www.carquefou-football.com/convocations/u10-u11/download/2188/99/phase-automne-planning-des-matches-par-quipe-1.pdf_;]
[www.carquefou-football.com/convocations/u10-u11.html]
[www.carquefou-football.com/convocations/u7-u8-u9/download/2236/100/convocations_20161227.pdf_;]
[www.carquefou-football.com/convocations/u7-u8-u9.html]
[www.carquefou-football.com/stagesdcab.feed]
[www.carquefou-football.com/stagesb550.feed]
[www.carquefou-football.com/stages.html]
[www.carquefou-football.com/pole-regional-excellence.html]
[www.carquefou-football.com/liens-vers-la-boutiquedcab.feed]
[www.carquefou-football.com/liens-vers-la-boutiqueb550.feed]
[www.carquefou-football.com/liens-vers-la-boutique.html]
[www.carquefou-football.com/lien-vers-devenir-partenaire.html]
[www.carquefou-football.com/mentions-legales.html]
[www.carquefou-football.com/staff.html]
[www.carquefou-football.com/index-2.html]
[www.carquefou-football.com/le-club/actualites/1313-galette2016.html]
[www.carquefou-football.com/le-club/actualites5a94.html]
[www.carquefou-football.com/le-club/actualites4abd.html]
[www.carquefou-football.com/le-club/actualitesc61e.html]
[www.carquefou-football.com/le-club/actualites4c62.html]
[www.carquefou-football.com/le-club/actualites27d2.html]
[www.carquefou-football.com/le-club/actualitesb134.html]
[www.carquefou-football.com/le-club/actualites0803.html]
